0 verbose cli C:\Program Files\nodejs\node.exe C:\Users\momen\AppData\Roaming\npm\node_modules\npm\bin\npm-cli.js
1 info using npm@11.7.0
2 info using node@v24.11.1
3 silly config load:file:C:\Users\momen\AppData\Roaming\npm\node_modules\npm\npmrc
4 silly config load:file:D:\mugran\mugran-portal\mugran\.npmrc
5 silly config load:file:C:\Users\momen\.npmrc
6 silly config load:file:C:\Users\momen\AppData\Roaming\npm\etc\npmrc
7 verbose title npm install react-icons
8 verbose argv "install" "react-icons" "--cache" ".npm-cache"
9 verbose logfile logs-max:10 dir:D:\mugran\mugran-portal\mugran\.npm-cache\_logs\2026-09-24T11_16_33_650Z-
10 verbose logfile D:\mugran\mugran-portal\mugran\.npm-cache\_logs\2026-09-24T11_16_33_650Z-debug-0.log
11 silly logfile done cleaning log files
12 silly packumentCache heap:2348810240 maxSize:587202560 maxEntrySize:293601280
13 silly idealTree buildDeps
14 silly fetch manifest react-icons@*
15 silly packumentCache full:https://registry.npmjs.org/react-icons cache-miss
16 http fetch GET 200 https://registry.npmjs.org/react-icons 596ms (cache miss)
17 silly packumentCache full:https://registry.npmjs.org/react-icons set size:undefined disposed:false
18 silly fetch manifest react@^18.3.0
19 silly packumentCache full:https://registry.npmjs.org/react cache-miss
20 http fetch GET 200 https://registry.npmjs.org/react 266ms (cache miss)
21 silly packumentCache full:https://registry.npmjs.org/react set size:undefined disposed:false
22 silly placeDep ROOT react-icons@5.7.0 OK for: mugran-portal@1.0.0 want: *
23 silly reify moves {}
24 silly audit bulk request {
24 silly audit   '@babel/runtime': [ '7.29.7' ],
24 silly audit   '@dimforge/rapier3d-compat': [ '0.12.0', '0.14.0' ],
24 silly audit   '@mediapipe/tasks-vision': [ '0.10.17' ],
24 silly audit   '@monogrid/gainmap-js': [ '3.4.0' ],
24 silly audit   '@next/env': [ '14.2.35' ],
24 silly audit   '@next/swc-darwin-arm64': [ '14.2.33' ],
24 silly audit   '@next/swc-darwin-x64': [ '14.2.33' ],
24 silly audit   '@next/swc-linux-arm64-gnu': [ '14.2.33' ],
24 silly audit   '@next/swc-linux-arm64-musl': [ '14.2.33' ],
24 silly audit   '@next/swc-linux-x64-gnu': [ '14.2.33' ],
24 silly audit   '@next/swc-linux-x64-musl': [ '14.2.33' ],
24 silly audit   '@next/swc-win32-arm64-msvc': [ '14.2.33' ],
24 silly audit   '@next/swc-win32-ia32-msvc': [ '14.2.33' ],
24 silly audit   '@next/swc-win32-x64-msvc': [ '14.2.33' ],
24 silly audit   '@react-spring/animated': [ '9.7.5' ],
24 silly audit   '@react-spring/core': [ '9.7.5' ],
24 silly audit   '@react-spring/rafz': [ '9.7.5' ],
24 silly audit   '@react-spring/shared': [ '9.7.5' ],
24 silly audit   '@react-spring/three': [ '9.7.5' ],
24 silly audit   '@react-spring/types': [ '9.7.5' ],
24 silly audit   '@react-three/drei': [ '9.122.0' ],
24 silly audit   '@react-three/fiber': [ '8.18.0' ],
24 silly audit   zustand: [ '3.7.2', '4.5.7', '5.0.15' ],
24 silly audit   '@react-three/postprocessing': [ '2.19.1' ],
24 silly audit   maath: [ '0.6.0', '0.10.8' ],
24 silly audit   '@react-three/rapier': [ '1.5.0' ],
24 silly audit   '@swc/counter': [ '0.1.3' ],
24 silly audit   '@swc/helpers': [ '0.5.5' ],
24 silly audit   '@tweenjs/tween.js': [ '23.1.3' ],
24 silly audit   '@types/draco3d': [ '1.4.10' ],
24 silly audit   '@types/offscreencanvas': [ '2019.7.3' ],
24 silly audit   '@types/react': [ '19.2.18' ],
24 silly audit   '@types/react-reconciler': [ '0.26.7', '0.28.9' ],
24 silly audit   '@types/stats.js': [ '0.17.4' ],
24 silly audit   '@types/three': [ '0.185.4' ],
24 silly audit   '@types/webxr': [ '0.5.24' ],
24 silly audit   '@use-gesture/core': [ '10.3.1' ],
24 silly audit   '@use-gesture/react': [ '10.3.1' ],
24 silly audit   'base64-js': [ '1.5.1' ],
24 silly audit   'bidi-js': [ '1.0.3' ],
24 silly audit   buffer: [ '6.0.3' ],
24 silly audit   busboy: [ '1.6.0' ],
24 silly audit   'camera-controls': [ '2.10.1' ],
24 silly audit   'caniuse-lite': [ '1.0.30001810' ],
24 silly audit   'client-only': [ '0.0.1' ],
24 silly audit   'cross-env': [ '7.0.3' ],
24 silly audit   'cross-spawn': [ '7.0.6' ],
24 silly audit   csstype: [ '3.2.3' ],
24 silly audit   'detect-gpu': [ '5.0.70' ],
24 silly audit   draco3d: [ '1.5.7' ],
24 silly audit   fflate: [ '0.8.3', '0.6.11' ],
24 silly audit   'framer-motion': [ '11.18.2' ],
24 silly audit   'glsl-noise': [ '0.0.0' ],
24 silly audit   'graceful-fs': [ '4.2.11' ],
24 silly audit   gsap: [ '3.15.0' ],
24 silly audit   'hls.js': [ '1.7.1' ],
24 silly audit   ieee754: [ '1.2.1' ],
24 silly audit   immediate: [ '3.0.6' ],
24 silly audit   'is-promise': [ '2.2.2' ],
24 silly audit   isexe: [ '2.0.0' ],
24 silly audit   'its-fine': [ '1.2.5' ],
24 silly audit   'js-tokens': [ '4.0.0' ],
24 silly audit   lie: [ '3.3.0' ],
24 silly audit   'loose-envify': [ '1.4.0' ],
24 silly audit   meshline: [ '3.3.1' ],
24 silly audit   meshoptimizer: [ '1.1.1' ],
24 silly audit   'motion-dom': [ '11.18.1' ],
24 silly audit   'motion-utils': [ '11.18.1' ],
24 silly audit   n8ao: [ '1.10.3' ],
24 silly audit   nanoid: [ '3.3.18' ],
24 silly audit   next: [ '14.2.35' ],
24 silly audit   'object-assign': [ '4.1.1' ],
24 silly audit   ogl: [ '1.0.11' ],
24 silly audit   'path-key': [ '3.1.1' ],
24 silly audit   picocolors: [ '1.1.1' ],
24 silly audit   postcss: [ '8.4.31' ],
24 silly audit   postprocessing: [ '6.39.4' ],
24 silly audit   potpack: [ '1.0.2' ],
24 silly audit   'promise-worker-transferable': [ '1.0.4' ],
24 silly audit   'prop-types': [ '15.8.1' ],
24 silly audit   react: [ '18.3.1' ],
24 silly audit   'react-composer': [ '5.0.3' ],
24 silly audit   'react-dom': [ '18.3.1' ],
24 silly audit   scheduler: [ '0.23.2', '0.21.0' ],
24 silly audit   'react-is': [ '16.13.1' ],
24 silly audit   'react-reconciler': [ '0.27.0' ],
24 silly audit   'react-use-measure': [ '2.1.7' ],
24 silly audit   'require-from-string': [ '2.0.2' ],
24 silly audit   'shebang-command': [ '2.0.0' ],
24 silly audit   'shebang-regex': [ '3.0.0' ],
24 silly audit   'source-map-js': [ '1.2.1' ],
24 silly audit   'stats-gl': [ '2.4.2' ],
24 silly audit   'stats.js': [ '0.17.0' ],
24 silly audit   streamsearch: [ '1.1.0' ],
24 silly audit   'styled-jsx': [ '5.1.1' ],
24 silly audit   'suspend-react': [ '0.1.3' ],
24 silly audit   three: [ '0.170.0' ],
24 silly audit   'three-mesh-bvh': [ '0.7.8' ],
24 silly audit   'three-stdlib': [ '2.36.1' ],
24 silly audit   'troika-three-text': [ '0.52.5' ],
24 silly audit   'troika-three-utils': [ '0.52.5' ],
24 silly audit   'troika-worker-utils': [ '0.52.0' ],
24 silly audit   tslib: [ '2.8.1' ],
24 silly audit   'tunnel-rat': [ '0.1.2' ],
24 silly audit   'use-sync-external-store': [ '1.6.0' ],
24 silly audit   'utility-types': [ '3.11.0' ],
24 silly audit   'webgl-constants': [ '1.1.1' ],
24 silly audit   'webgl-sdf-generator': [ '1.1.1' ],
24 silly audit   which: [ '2.0.2' ],
24 silly audit   'react-icons': [ '5.7.0' ]
24 silly audit }
25 http cache react-icons@https://registry.npmjs.org/react-icons/-/react-icons-5.7.0.tgz 0ms (cache hit)
26 silly tarball no local data for react-icons@https://registry.npmjs.org/react-icons/-/react-icons-5.7.0.tgz. Extracting by manifest.
27 http fetch POST 200 https://registry.npmjs.org/-/npm/v1/security/advisories/bulk 282ms
28 silly audit report {
28 silly audit report   next: [
28 silly audit report     {
28 silly audit report       id: 1117931,
28 silly audit report       url: 'https://github.com/advisories/GHSA-8h8q-6873-q5fj',
28 silly audit report       title: 'Next.js Vulnerable to Denial of Service with Server Components',
28 silly audit report       severity: 'high',
28 silly audit report       vulnerable_versions: '>=13.0.0 <15.5.16',
28 silly audit report       cwe: [Array],
28 silly audit report       cvss: [Object]
28 silly audit report     },
28 silly audit report     {
28 silly audit report       id: 1118942,
28 silly audit report       url: 'https://github.com/advisories/GHSA-3g8h-86w9-wvmq',
28 silly audit report       title: "Next.js's Middleware / Proxy redirects can be cache-poisoned",
28 silly audit report       severity: 'low',
28 silly audit report       vulnerable_versions: '>=12.2.0 <15.5.16',
28 silly audit report       cwe: [Array],
28 silly audit report       cvss: [Object]
28 silly audit report     },
28 silly audit report     {
28 silly audit report       id: 1118944,
28 silly audit report       url: 'https://github.com/advisories/GHSA-ffhc-5mcf-pf4q',
28 silly audit report       title: 'Next.js vulnerable to cross-site scripting in App Router applications using CSP nonces',
28 silly audit report       severity: 'moderate',
28 silly audit report       vulnerable_versions: '>=13.4.0 <15.5.16',
28 silly audit report       cwe: [Array],
28 silly audit report       cvss: [Object]
28 silly audit report     },
28 silly audit report     {
28 silly audit report       id: 1118946,
28 silly audit report       url: 'https://github.com/advisories/GHSA-vfv6-92ff-j949',
28 silly audit report       title: 'Next.js vulnerable to cache poisoning via collisions in React Server Component cache-busting',
28 silly audit report       severity: 'low',
28 silly audit report       vulnerable_versions: '>=13.4.6 <15.5.16',
28 silly audit report       cwe: [Array],
28 silly audit report       cvss: [Object]
28 silly audit report     },
28 silly audit report     {
28 silly audit report       id: 1118948,
28 silly audit report       url: 'https://github.com/advisories/GHSA-gx5p-jg67-6x7h',
28 silly audit report       title: 'Next.js has cross-site scripting in beforeInteractive scripts with untrusted input',
28 silly audit report       severity: 'moderate',
28 silly audit report       vulnerable_versions: '>=13.0.0 <15.5.16',
28 silly audit report       cwe: [Array],
28 silly audit report       cvss: [Object]
28 silly audit report     },
28 silly audit report     {
28 silly audit report       id: 1118952,
28 silly audit report       url: 'https://github.com/advisories/GHSA-h64f-5h5j-jqjh',
28 silly audit report       title: 'Next.js has a Denial of Service in the Image Optimization API',
28 silly audit report       severity: 'moderate',
28 silly audit report       vulnerable_versions: '>=10.0.0 <15.5.16',
28 silly audit report       cwe: [Array],
28 silly audit report       cvss: [Object]
28 silly audit report     },
28 silly audit report     {
28 silly audit report       id: 1118954,
28 silly audit report       url: 'https://github.com/advisories/GHSA-c4j6-fc7j-m34r',
28 silly audit report       title: 'Next.js vulnerable to server-side request forgery in applications using WebSocket upgrades',
28 silly audit report       severity: 'high',
28 silly audit report       vulnerable_versions: '>=13.4.13 <15.5.16',
28 silly audit report       cwe: [Array],
28 silly audit report       cvss: [Object]
28 silly audit report     },
28 silly audit report     {
28 silly audit report       id: 1118958,
28 silly audit report       url: 'https://github.com/advisories/GHSA-wfc6-r584-vfw7',
28 silly audit report       title: 'Next.js vulnerable to cache poisoning in React Server Component responses',
28 silly audit report       severity: 'moderate',
28 silly audit report       vulnerable_versions: '>=14.2.0 <15.5.16',
28 silly audit report       cwe: [Array],
28 silly audit report       cvss: [Object]
28 silly audit report     },
28 silly audit report     {
28 silly audit report       id: 1118962,
28 silly audit report       url: 'https://github.com/advisories/GHSA-36qx-fr4f-26g5',
28 silly audit report       title: 'Next.js has a Middleware / Proxy bypass in Pages Router applications using i18n',
28 silly audit report       severity: 'high',
28 silly audit report       vulnerable_versions: '>=12.2.0 <15.5.16',
28 silly audit report       cwe: [Array],
28 silly audit report       cvss: [Object]
28 silly audit report     },
28 silly audit report     {
28 silly audit report       id: 1112593,
28 silly audit report       url: 'https://github.com/advisories/GHSA-9g9p-9gw9-jx7f',
28 silly audit report       title: 'Next.js self-hosted applications vulnerable to DoS via Image Optimizer remotePatterns configuration',
28 silly audit report       severity: 'moderate',
28 silly audit report       vulnerable_versions: '>=10.0.0 <15.5.10',
28 silly audit report       cwe: [Array],
28 silly audit report       cvss: [Object]
28 silly audit report     },
28 silly audit report     {
28 silly audit report       id: 1112653,
28 silly audit report       url: 'https://github.com/advisories/GHSA-h25m-26qc-wcjf',
28 silly audit report       title: 'Next.js HTTP request deserialization can lead to DoS when using insecure React Server Components',
28 silly audit report       severity: 'high',
28 silly audit report       vulnerable_versions: '>=13.0.0 <15.0.8',
28 silly audit report       cwe: [Array],
28 silly audit report       cvss: [Object]
28 silly audit report     },
28 silly audit report     {
28 silly audit report       id: 1114897,
28 silly audit report       url: 'https://github.com/advisories/GHSA-ggv3-7p47-pfv8',
28 silly audit report       title: 'Next.js: HTTP request smuggling in rewrites',
28 silly audit report       severity: 'moderate',
28 silly audit report       vulnerable_versions: '>=9.5.0 <15.5.13',
28 silly audit report       cwe: [Array],
28 silly audit report       cvss: [Object]
28 silly audit report     },
28 silly audit report     {
28 silly audit report       id: 1114940,
28 silly audit report       url: 'https://github.com/advisories/GHSA-3x4c-7xq6-9pq8',
28 silly audit report       title: 'Next.js: Unbounded next/image disk cache growth can exhaust storage',
28 silly audit report       severity: 'moderate',
28 silly audit report       vulnerable_versions: '>=10.0.0 <15.5.14',
28 silly audit report       cwe: [Array],
28 silly audit report       cvss: [Object]
28 silly audit report     },
28 silly audit report     {
28 silly audit report       id: 1116376,
28 silly audit report       url: 'https://github.com/advisories/GHSA-q4gf-8mx6-v5v3',
28 silly audit report       title: 'Next.js has a Denial of Service with Server Components',
28 silly audit report       severity: 'high',
28 silly audit report       vulnerable_versions: '>=13.0.0 <15.5.15',
28 silly audit report       cwe: [Array],
28 silly audit report       cvss: [Object]
28 silly audit report     },
28 silly audit report     {
28 silly audit report       id: 1124185,
28 silly audit report       url: 'https://github.com/advisories/GHSA-89xv-2m56-2m9x',
28 silly audit report       title: 'Next.js: Server-Side Request Forgery in Server Actions on custom servers',
28 silly audit report       severity: 'high',
28 silly audit report       vulnerable_versions: '>=14.1.1 <15.5.21',
28 silly audit report       cwe: [Array],
28 silly audit report       cvss: [Object]
28 silly audit report     },
28 silly audit report     {
28 silly audit report       id: 1124172,
28 silly audit report       url: 'https://github.com/advisories/GHSA-m99w-x7hq-7vfj',
28 silly audit report       title: 'Next.js: Denial of Service in App Router using Server Actions',
28 silly audit report       severity: 'high',
28 silly audit report       vulnerable_versions: '>=13.0.0 <15.5.21',
28 silly audit report       cwe: [Array],
28 silly audit report       cvss: [Object]
28 silly audit report     },
28 silly audit report     {
28 silly audit report       id: 1124187,
28 silly audit report       url: 'https://github.com/advisories/GHSA-68g3-v927-f742',
28 silly audit report       title: 'Next.js: Cache confusion of response bodies for requests with bodies',
28 silly audit report       severity: 'moderate',
28 silly audit report       vulnerable_versions: '>=13.0.0 <15.5.21',
28 silly audit report       cwe: [Array],
28 silly audit report       cvss: [Object]
28 silly audit report     },
28 silly audit report     {
28 silly audit report       id: 1124189,
28 silly audit report       url: 'https://github.com/advisories/GHSA-4633-3j49-mh5q',
28 silly audit report       title: 'Next.js: Cache confusion of response bodies for requests with bodies containing invalid UTF-8 byte sequences',
28 silly audit report       severity: 'moderate',
28 silly audit report       vulnerable_versions: '>=13.0.0 <15.5.21',
28 silly audit report       cwe: [Array],
28 silly audit report       cvss: [Object]
28 silly audit report     },
28 silly audit report     {
28 silly audit report       id: 1124191,
28 silly audit report       url: 'https://github.com/advisories/GHSA-4c39-4ccg-62r3',
28 silly audit report       title: 'Next.js: Unbounded Server Action payload in Edge runtime',
28 silly audit report       severity: 'moderate',
28 silly audit report       vulnerable_versions: '>=13.0.0 <15.5.21',
28 silly audit report       cwe: [Array],
28 silly audit report       cvss: [Object]
28 silly audit report     },
28 silly audit report     {
28 silly audit report       id: 1124193,
28 silly audit report       url: 'https://github.com/advisories/GHSA-p9j2-gv94-2wf4',
28 silly audit report       title: 'Next.js: Server-Side Request Forgery in rewrites via attacker-controlled destination hostname',
28 silly audit report       severity: 'high',
28 silly audit report       vulnerable_versions: '>=12.0.0 <15.5.21',
28 silly audit report       cwe: [Array],
28 silly audit report       cvss: [Object]
28 silly audit report     },
28 silly audit report     {
28 silly audit report       id: 1124197,
28 silly audit report       url: 'https://github.com/advisories/GHSA-955p-x3mx-jcvp',
28 silly audit report       title: 'Next.js: Unauthenticated disclosure of internal Server Function endpoints',
28 silly audit report       severity: 'moderate',
28 silly audit report       vulnerable_versions: '>=13.0.0 <15.5.21',
28 silly audit report       cwe: [Array],
28 silly audit report       cvss: [Object]
28 silly audit report     },
28 silly audit report     {
28 silly audit report       id: 1193677,
28 silly audit report       url: 'https://github.com/advisories/GHSA-p293-qw3h-jr36',
28 silly audit report       title: 'Next.js: Unauthenticated Remote Code Execution on windows-hosted servers',
28 silly audit report       severity: 'critical',
28 silly audit report       vulnerable_versions: '>=13.4.0 <15.5.24',
28 silly audit report       cwe: [Array],
28 silly audit report       cvss: [Object]
28 silly audit report     },
28 silly audit report     {
28 silly audit report       id: 1193733,
28 silly audit report       url: 'https://github.com/advisories/GHSA-2xp9-vwfh-vxw4',
28 silly audit report       title: 'Next.js: Unauthenticated Remote Code Execution in Image Optimization API when AVIF files are used',
28 silly audit report       severity: 'critical',
28 silly audit report       vulnerable_versions: '>=10.0.0 <15.5.24',
28 silly audit report       cwe: [Array],
28 silly audit report       cvss: [Object]
28 silly audit report     }
28 silly audit report   ],
28 silly audit report   postcss: [
28 silly audit report     {
28 silly audit report       id: 1130709,
28 silly audit report       url: 'https://github.com/advisories/GHSA-fxqj-rqcc-2cmp',
28 silly audit report       title: 'PostCSS: incomplete fix of GHSA-6g55-p6wh-862q — attacker-controlled sourceMappingURL reads arbitrary .map files when `from` is unset',
28 silly audit report       severity: 'moderate',
28 silly audit report       vulnerable_versions: '<=8.5.22',
28 silly audit report       cwe: [Array],
28 silly audit report       cvss: [Object]
28 silly audit report     },
28 silly audit report     {
28 silly audit report       id: 1117015,
28 silly audit report       url: 'https://github.com/advisories/GHSA-qx2v-qp2m-jg93',
28 silly audit report       title: 'PostCSS has XSS via Unescaped </style> in its CSS Stringify Output',
28 silly audit report       severity: 'moderate',
28 silly audit report       vulnerable_versions: '<8.5.10',
28 silly audit report       cwe: [Array],
28 silly audit report       cvss: [Object]
28 silly audit report     },
28 silly audit report     {
28 silly audit report       id: 1124252,
28 silly audit report       url: 'https://github.com/advisories/GHSA-6g55-p6wh-862q',
28 silly audit report       title: 'PostCSS: Arbitrary file read and information disclosure via attacker-controlled sourceMappingURL in CSS comments',
28 silly audit report       severity: 'high',
28 silly audit report       vulnerable_versions: '<=8.5.11',
28 silly audit report       cwe: [Array],
28 silly audit report       cvss: [Object]
28 silly audit report     },
28 silly audit report     {
28 silly audit report       id: 1139510,
28 silly audit report       url: 'https://github.com/advisories/GHSA-r28c-9q8g-f849',
28 silly audit report       title: 'PostCSS: Path Traversal in Previous Source Map Auto-Loading (sourceMappingURL) leads to Arbitrary .map File Disclosure',
28 silly audit report       severity: 'high',
28 silly audit report       vulnerable_versions: '<=8.5.17',
28 silly audit report       cwe: [Array],
28 silly audit report       cvss: [Object]
28 silly audit report     }
28 silly audit report   ]
28 silly audit report }
29 silly packumentCache corgi:https://registry.npmjs.org/next cache-miss
30 silly packumentCache corgi:https://registry.npmjs.org/postcss cache-miss
31 http fetch GET 200 https://registry.npmjs.org/postcss 575ms (cache revalidated)
32 silly packumentCache corgi:https://registry.npmjs.org/postcss set size:357674 disposed:false
33 http fetch GET 200 https://registry.npmjs.org/next 620ms (cache updated)
34 silly packumentCache corgi:https://registry.npmjs.org/next set size:undefined disposed:false
35 http fetch GET 200 https://registry.npmjs.org/react-icons/-/react-icons-5.7.0.tgz 22544ms (cache miss)
36 silly ADD node_modules/react-icons
37 verbose cwd D:\mugran\mugran-portal\mugran
38 verbose os Windows_NT 10.0.22621
39 verbose node v24.11.1
40 verbose npm  v11.7.0
41 verbose exit 0
42 info ok
